[debug] [2026-04-23T20:19:34.291Z] [Firebase Plugin] Activating Firebase extension.
[debug] [2026-04-23T20:19:45.865Z] [Firebase Plugin] requireAuthWrapper
[debug] [2026-04-23T20:19:45.867Z] > command requires scopes: ["email","openid","https://www.googleapis.com/auth/cloudplatformprojects.readonly","https://www.googleapis.com/auth/firebase","https://www.googleapis.com/auth/cloud-platform"]
[debug] [2026-04-23T20:19:45.890Z] [Firebase Plugin] VSCode notification server listening on port 40001
[error] [Firebase Plugin] requireAuth error: Could not load the default credentials. Browse to https://cloud.google.com/docs/authentication/getting-started for more information.
[info] [Firebase Plugin] Starting SQL Connect toolkit (version 3.4.5) on port 50001
[debug] [2026-04-23T20:19:46.520Z] 'fdc build' failed with error: Unable to build your SQL Connect schema and connectors (exit code 1): E0423 17:19:46.501248    6520 cmd.go:43] Error loading data connect config: could not find dataconnect.yaml in `c:\codigos_fontes\LogGYM\dataconnect`
 {"metadata":{"emulator":{"name":"dataconnect"},"message":"'fdc build' failed with error: Unable to build your SQL Connect schema and connectors (exit code 1): E0423 17:19:46.501248    6520 cmd.go:43] Error loading data connect config: could not find dataconnect.yaml in `c:\\codigos_fontes\\LogGYM\\dataconnect`\n"}}
[debug] [2026-04-23T20:19:46.522Z] Ignoring unsupported arg: auto_download {"metadata":{"emulator":{"name":"dataconnect"},"message":"Ignoring unsupported arg: auto_download"}}
[debug] [2026-04-23T20:19:46.522Z] Ignoring unsupported arg: port {"metadata":{"emulator":{"name":"dataconnect"},"message":"Ignoring unsupported arg: port"}}
[debug] [2026-04-23T20:19:46.523Z] Starting SQL Connect Emulator with command {"binary":"C:\\Users\\Samuel\\.cache\\firebase\\emulators\\dataconnect-emulator-3.4.5.exe","args":["--logtostderr","-v=2","dev","--listen=localhost:50001","--config_dir=c:\\codigos_fontes\\LogGYM\\dataconnect","--enable_output_schema_extensions=true","--enable_output_generated_sdk=true"],"optionalArgs":["listen","config_dir","enable_output_schema_extensions","enable_output_generated_sdk"],"joinArgs":true,"shell":false,"port":9399} {"metadata":{"emulator":{"name":"dataconnect"},"message":"Starting SQL Connect Emulator with command {\"binary\":\"C:\\\\Users\\\\Samuel\\\\.cache\\\\firebase\\\\emulators\\\\dataconnect-emulator-3.4.5.exe\",\"args\":[\"--logtostderr\",\"-v=2\",\"dev\",\"--listen=localhost:50001\",\"--config_dir=c:\\\\codigos_fontes\\\\LogGYM\\\\dataconnect\",\"--enable_output_schema_extensions=true\",\"--enable_output_generated_sdk=true\"],\"optionalArgs\":[\"listen\",\"config_dir\",\"enable_output_schema_extensions\",\"enable_output_generated_sdk\"],\"joinArgs\":true,\"shell\":false,\"port\":9399}"}}
[info] i  dataconnect: SQL Connect Emulator logging to dataconnect-debug.log {"metadata":{"emulator":{"name":"dataconnect"},"message":"SQL Connect Emulator logging to \u001b[1mdataconnect-debug.log\u001b[22m"}}
[debug] [2026-04-23T20:19:46.669Z] E0423 17:19:46.653952   31028 dev.go:83] Failed to load initial config from "c:\\codigos_fontes\\LogGYM\\dataconnect": could not find dataconnect.yaml in `c:\codigos_fontes\LogGYM\dataconnect`
 {"metadata":{"emulator":{"name":"dataconnect"},"message":"E0423 17:19:46.653952   31028 dev.go:83] Failed to load initial config from \"c:\\\\codigos_fontes\\\\LogGYM\\\\dataconnect\": could not find dataconnect.yaml in `c:\\codigos_fontes\\LogGYM\\dataconnect`\n"}}
[debug] [2026-04-23T20:19:46.670Z] E0423 17:19:46.668693   31028 watch.go:116] watchAllDir unable to walk dir `c:\codigos_fontes\LogGYM\dataconnect`: GetFileAttributesEx c:\codigos_fontes\LogGYM\dataconnect: O sistema não pode encontrar o arquivo especificado.
 {"metadata":{"emulator":{"name":"dataconnect"},"message":"E0423 17:19:46.668693   31028 watch.go:116] watchAllDir unable to walk dir `c:\\codigos_fontes\\LogGYM\\dataconnect`: GetFileAttributesEx c:\\codigos_fontes\\LogGYM\\dataconnect: O sistema não pode encontrar o arquivo especificado.\n"}}
[debug] [2026-04-23T20:19:46.688Z] I0423 17:19:46.678220   31028 dev.go:104] Listening on address (HTTP + gRPC): 127.0.0.1:50001
 {"metadata":{"emulator":{"name":"dataconnect"},"message":"I0423 17:19:46.678220   31028 dev.go:104] Listening on address (HTTP + gRPC): 127.0.0.1:50001\n"}}
[error] [Firebase Plugin] error:  {}
[debug] [2026-04-23T20:19:56.669Z] E0423 17:19:56.669642   31028 watch.go:40] Failed to load config from "c:\\codigos_fontes\\LogGYM\\dataconnect": could not find dataconnect.yaml in `c:\codigos_fontes\LogGYM\dataconnect`
 {"metadata":{"emulator":{"name":"dataconnect"},"message":"E0423 17:19:56.669642   31028 watch.go:40] Failed to load config from \"c:\\\\codigos_fontes\\\\LogGYM\\\\dataconnect\": could not find dataconnect.yaml in `c:\\codigos_fontes\\LogGYM\\dataconnect`\n"}}
[debug] [2026-04-23T20:20:06.669Z] E0423 17:20:06.669429   31028 watch.go:40] Failed to load config from "c:\\codigos_fontes\\LogGYM\\dataconnect": could not find dataconnect.yaml in `c:\codigos_fontes\LogGYM\dataconnect`
 {"metadata":{"emulator":{"name":"dataconnect"},"message":"E0423 17:20:06.669429   31028 watch.go:40] Failed to load config from \"c:\\\\codigos_fontes\\\\LogGYM\\\\dataconnect\": could not find dataconnect.yaml in `c:\\codigos_fontes\\LogGYM\\dataconnect`\n"}}
[debug] [2026-04-23T20:20:16.669Z] E0423 17:20:16.669636   31028 watch.go:40] Failed to load config from "c:\\codigos_fontes\\LogGYM\\dataconnect": could not find dataconnect.yaml in `c:\codigos_fontes\LogGYM\dataconnect`
 {"metadata":{"emulator":{"name":"dataconnect"},"message":"E0423 17:20:16.669636   31028 watch.go:40] Failed to load config from \"c:\\\\codigos_fontes\\\\LogGYM\\\\dataconnect\": could not find dataconnect.yaml in `c:\\codigos_fontes\\LogGYM\\dataconnect`\n"}}
